// Jest Snapshot v1, https://goo.gl/fbAQLP

exports[`The CloudwatchLogsManagement stack matches the snapshot 1`] = `
{
  "Metadata": {
    "gu:cdk:constructs": [
      "GuDistributionBucketParameter",
      "GuScheduledLambda",
    ],
    "gu:cdk:version": "TEST",
  },
  "Parameters": {
    "DistributionBucketName": {
      "Default": "/account/services/artifact.bucket",
      "Description": "SSM parameter containing the S3 bucket name holding distribution artifacts",
      "Type": "AWS::SSM::Parameter::Value<String>",
    },
  },
  "Resources": {
    "SetRetentionFunc": {
      "DependsOn": [
        "setloggroupretentionServiceRoleDefaultPolicyFD6F91DA",
        "setloggroupretentionServiceRole04D309F6",
      ],
      "Properties": {
        "Code": {
          "S3Bucket": {
            "Ref": "DistributionBucketName",
          },
          "S3Key": "deploy/PROD/set-log-group-retention/set-log-group-retention.zip",
        },
        "Environment": {
          "Variables": {
            "APP": "set-log-group-retention",
            "RETENTION_IN_DAYS": "7",
            "STACK": "deploy",
            "STAGE": "PROD",
          },
        },
        "Handler": "handlers.setRetention",
        "LoggingConfig": {
          "LogFormat": "JSON",
        },
        "MemorySize": 512,
        "Role": {
          "Fn::GetAtt": [
            "setloggroupretentionServiceRole04D309F6",
            "Arn",
          ],
        },
        "Runtime": "nodejs20.x",
        "Tags": [
          {
            "Key": "App",
            "Value": "set-log-group-retention",
          },
          {
            "Key": "gu:cdk:version",
            "Value": "TEST",
          },
          {
            "Key": "gu:repo",
            "Value": "guardian/cloudwatch-logs-management",
          },
          {
            "Key": "Stack",
            "Value": "deploy",
          },
          {
            "Key": "Stage",
            "Value": "PROD",
          },
        ],
        "Timeout": 60,
      },
      "Type": "AWS::Lambda::Function",
    },
    "SetRetentionPolicy7B345D11": {
      "Properties": {
        "Description": "",
        "Path": "/",
        "PolicyDocument": {
          "Statement": [
            {
              "Action": [
                "logs:DescribeLogGroups",
                "logs:PutRetentionPolicy",
              ],
              "Effect": "Allow",
              "Resource": {
                "Fn::Join": [
                  "",
                  [
                    "arn:aws:logs:eu-west-1:",
                    {
                      "Ref": "AWS::AccountId",
                    },
                    ":log-group:*",
                  ],
                ],
              },
            },
          ],
          "Version": "2012-10-17",
        },
      },
      "Type": "AWS::IAM::ManagedPolicy",
    },
    "setloggroupretentionServiceRole04D309F6": {
      "Properties": {
        "AssumeRolePolicyDocument": {
          "Statement": [
            {
              "Action": "sts:AssumeRole",
              "Effect": "Allow",
              "Principal": {
                "Service": "lambda.amazonaws.com",
              },
            },
          ],
          "Version": "2012-10-17",
        },
        "ManagedPolicyArns": [
          {
            "Fn::Join": [
              "",
              [
                "arn:",
                {
                  "Ref": "AWS::Partition",
                },
                ":iam::aws:policy/service-role/AWSLambdaBasicExecutionRole",
              ],
            ],
          },
          {
            "Ref": "SetRetentionPolicy7B345D11",
          },
        ],
        "Tags": [
          {
            "Key": "App",
            "Value": "set-log-group-retention",
          },
          {
            "Key": "gu:cdk:version",
            "Value": "TEST",
          },
          {
            "Key": "gu:repo",
            "Value": "guardian/cloudwatch-logs-management",
          },
          {
            "Key": "Stack",
            "Value": "deploy",
          },
          {
            "Key": "Stage",
            "Value": "PROD",
          },
        ],
      },
      "Type": "AWS::IAM::Role",
    },
    "setloggroupretentionServiceRoleDefaultPolicyFD6F91DA": {
      "Properties": {
        "PolicyDocument": {
          "Statement": [
            {
              "Action": [
                "s3:GetObject*",
                "s3:GetBucket*",
                "s3:List*",
              ],
              "Effect": "Allow",
              "Resource": [
                {
                  "Fn::Join": [
                    "",
                    [
                      "arn:",
                      {
                        "Ref": "AWS::Partition",
                      },
                      ":s3:::",
                      {
                        "Ref": "DistributionBucketName",
                      },
                    ],
                  ],
                },
                {
                  "Fn::Join": [
                    "",
                    [
                      "arn:",
                      {
                        "Ref": "AWS::Partition",
                      },
                      ":s3:::",
                      {
                        "Ref": "DistributionBucketName",
                      },
                      "/deploy/PROD/set-log-group-retention/set-log-group-retention.zip",
                    ],
                  ],
                },
              ],
            },
            {
              "Action": "ssm:GetParametersByPath",
              "Effect": "Allow",
              "Resource": {
                "Fn::Join": [
                  "",
                  [
                    "arn:aws:ssm:eu-west-1:",
                    {
                      "Ref": "AWS::AccountId",
                    },
                    ":parameter/PROD/deploy/set-log-group-retention",
                  ],
                ],
              },
            },
            {
              "Action": [
                "ssm:GetParameters",
                "ssm:GetParameter",
              ],
              "Effect": "Allow",
              "Resource": {
                "Fn::Join": [
                  "",
                  [
                    "arn:aws:ssm:eu-west-1:",
                    {
                      "Ref": "AWS::AccountId",
                    },
                    ":parameter/PROD/deploy/set-log-group-retention/*",
                  ],
                ],
              },
            },
          ],
          "Version": "2012-10-17",
        },
        "PolicyName": "setloggroupretentionServiceRoleDefaultPolicyFD6F91DA",
        "Roles": [
          {
            "Ref": "setloggroupretentionServiceRole04D309F6",
          },
        ],
      },
      "Type": "AWS::IAM::Policy",
    },
    "setloggroupretentionsetloggroupretentionrate1hour098B175BA": {
      "Properties": {
        "ScheduleExpression": "rate(1 hour)",
        "State": "ENABLED",
        "Targets": [
          {
            "Arn": {
              "Fn::GetAtt": [
                "SetRetentionFunc",
                "Arn",
              ],
            },
            "Id": "Target0",
          },
        ],
      },
      "Type": "AWS::Events::Rule",
    },
    "setloggroupretentionsetloggroupretentionrate1hour0AllowEventRuleCloudwatchLogsManagementRetentiondeploysetloggroupretentionE2A32027299787E8": {
      "Properties": {
        "Action": "lambda:InvokeFunction",
        "FunctionName": {
          "Fn::GetAtt": [
            "SetRetentionFunc",
            "Arn",
          ],
        },
        "Principal": "events.amazonaws.com",
        "SourceArn": {
          "Fn::GetAtt": [
            "setloggroupretentionsetloggroupretentionrate1hour098B175BA",
            "Arn",
          ],
        },
      },
      "Type": "AWS::Lambda::Permission",
    },
  },
}
`;
