// Jest Snapshot v1, https://goo.gl/fbAQLP

exports[`The CloudwatchLogsManagement stack matches the snapshot 1`] = `
{
  "Metadata": {
    "gu:cdk:constructs": [
      "GuDistributionBucketParameter",
      "GuScheduledLambda",
      "GuS3Bucket",
      "GuStringParameter",
      "GuLambdaFunction",
      "GuScheduledLambda",
    ],
    "gu:cdk:version": "TEST",
  },
  "Parameters": {
    "DistributionBucketName": {
      "Default": "/account/services/artifact.bucket",
      "Description": "SSM parameter containing the S3 bucket name holding distribution artifacts",
      "Type": "AWS::SSM::Parameter::Value<String>",
    },
    "KinesisStreamArn": {
      "Default": "/account/services/logging.stream",
      "Description": "The ARN (not name) of the kinesis stream to ship logs to",
      "Type": "AWS::SSM::Parameter::Value<String>",
    },
  },
  "Resources": {
    "DisableCloudWatchLoggingPolicy566D41D3": {
      "Properties": {
        "Description": "",
        "Path": "/",
        "PolicyDocument": {
          "Statement": [
            {
              "Action": [
                "logs:CreateLogGroup",
                "logs:CreateLogStream",
                "logs:PutLogEvents",
              ],
              "Effect": "Deny",
              "Resource": "arn:aws:logs:*:*:*",
            },
          ],
          "Version": "2012-10-17",
        },
      },
      "Type": "AWS::IAM::ManagedPolicy",
    },
    "SetLogShippingFunc": {
      "DependsOn": [
        "setlogshippingServiceRoleDefaultPolicy21BAA7D8",
        "setlogshippingServiceRoleFD6872A4",
      ],
      "Properties": {
        "Code": {
          "S3Bucket": {
            "Ref": "DistributionBucketName",
          },
          "S3Key": "deploy/PROD/set-log-shipping/set-log-shipping.zip",
        },
        "Environment": {
          "Variables": {
            "APP": "set-log-shipping",
            "LOG_KINESIS_STREAM": {
              "Ref": "KinesisStreamArn",
            },
            "LOG_NAME_PREFIXES": "/aws/lambda",
            "LOG_SHIPPING_LAMBDA_ARN": {
              "Fn::GetAtt": [
                "ShipLogEntriesFunc",
                "Arn",
              ],
            },
            "STACK": "deploy",
            "STAGE": "PROD",
            "STRUCTURED_DATA_BUCKET": {
              "Ref": "StructuredFieldsBucket",
            },
          },
        },
        "Handler": "handlers.setLogShipping",
        "LoggingConfig": {
          "LogFormat": "JSON",
        },
        "MemorySize": 512,
        "Role": {
          "Fn::GetAtt": [
            "setlogshippingServiceRoleFD6872A4",
            "Arn",
          ],
        },
        "Runtime": "nodejs20.x",
        "Tags": [
          {
            "Key": "App",
            "Value": "set-log-shipping",
          },
          {
            "Key": "gu:cdk:version",
            "Value": "TEST",
          },
          {
            "Key": "gu:repo",
            "Value": "guardian/cloudwatch-logs-management",
          },
          {
            "Key": "Stack",
            "Value": "deploy",
          },
          {
            "Key": "Stage",
            "Value": "PROD",
          },
        ],
        "Timeout": 60,
      },
      "Type": "AWS::Lambda::Function",
    },
    "SetLogShippingPolicy0F235CDA": {
      "Properties": {
        "Description": "",
        "Path": "/",
        "PolicyDocument": {
          "Statement": [
            {
              "Action": [
                "logs:DescribeLogGroups",
                "logs:DescribeSubscriptionFilters",
                "logs:PutSubscriptionFilter",
                "logs:DeleteSubscriptionFilter",
              ],
              "Effect": "Allow",
              "Resource": {
                "Fn::Join": [
                  "",
                  [
                    "arn:aws:logs:eu-west-1:",
                    {
                      "Ref": "AWS::AccountId",
                    },
                    ":log-group:*",
                  ],
                ],
              },
            },
            {
              "Action": [
                "lambda:ListFunctions",
                "lambda:ListTags",
              ],
              "Effect": "Allow",
              "Resource": "*",
            },
            {
              "Action": [
                "ecs:ListTaskDefinitions",
                "ecs:DescribeTaskDefinition",
              ],
              "Effect": "Allow",
              "Resource": "*",
            },
            {
              "Action": "s3:PutObject",
              "Effect": "Allow",
              "Resource": {
                "Fn::Join": [
                  "",
                  [
                    {
                      "Fn::GetAtt": [
                        "StructuredFieldsBucket",
                        "Arn",
                      ],
                    },
                    "/*",
                  ],
                ],
              },
            },
          ],
          "Version": "2012-10-17",
        },
      },
      "Type": "AWS::IAM::ManagedPolicy",
    },
    "SetRetentionFunc": {
      "DependsOn": [
        "setretentionServiceRoleDefaultPolicyCEB3697A",
        "setretentionServiceRoleF411F948",
      ],
      "Properties": {
        "Code": {
          "S3Bucket": {
            "Ref": "DistributionBucketName",
          },
          "S3Key": "deploy/PROD/set-retention/set-retention.zip",
        },
        "Environment": {
          "Variables": {
            "APP": "set-retention",
            "RETENTION_IN_DAYS": "7",
            "STACK": "deploy",
            "STAGE": "PROD",
          },
        },
        "Handler": "handlers.setRetention",
        "LoggingConfig": {
          "LogFormat": "JSON",
        },
        "MemorySize": 512,
        "Role": {
          "Fn::GetAtt": [
            "setretentionServiceRoleF411F948",
            "Arn",
          ],
        },
        "Runtime": "nodejs20.x",
        "Tags": [
          {
            "Key": "App",
            "Value": "set-retention",
          },
          {
            "Key": "gu:cdk:version",
            "Value": "TEST",
          },
          {
            "Key": "gu:repo",
            "Value": "guardian/cloudwatch-logs-management",
          },
          {
            "Key": "Stack",
            "Value": "deploy",
          },
          {
            "Key": "Stage",
            "Value": "PROD",
          },
        ],
        "Timeout": 60,
      },
      "Type": "AWS::Lambda::Function",
    },
    "SetRetentionPolicy7B345D11": {
      "Properties": {
        "Description": "",
        "Path": "/",
        "PolicyDocument": {
          "Statement": [
            {
              "Action": [
                "logs:DescribeLogGroups",
                "logs:PutRetentionPolicy",
              ],
              "Effect": "Allow",
              "Resource": {
                "Fn::Join": [
                  "",
                  [
                    "arn:aws:logs:eu-west-1:",
                    {
                      "Ref": "AWS::AccountId",
                    },
                    ":log-group:*",
                  ],
                ],
              },
            },
          ],
          "Version": "2012-10-17",
        },
      },
      "Type": "AWS::IAM::ManagedPolicy",
    },
    "ShipLogEntriesFunc": {
      "DependsOn": [
        "shiplogentriesServiceRoleDefaultPolicy372B39B1",
        "shiplogentriesServiceRoleB4E65CC2",
      ],
      "Properties": {
        "Code": {
          "S3Bucket": {
            "Ref": "DistributionBucketName",
          },
          "S3Key": "deploy/PROD/ship-log-entries/ship-log-entries.zip",
        },
        "Environment": {
          "Variables": {
            "APP": "ship-log-entries",
            "LOG_KINESIS_STREAM": {
              "Ref": "KinesisStreamArn",
            },
            "STACK": "deploy",
            "STAGE": "PROD",
            "STRUCTURED_DATA_BUCKET": {
              "Ref": "StructuredFieldsBucket",
            },
          },
        },
        "Handler": "handlers.shipLogEntries",
        "LoggingConfig": {
          "LogFormat": "JSON",
        },
        "MemorySize": 512,
        "Role": {
          "Fn::GetAtt": [
            "shiplogentriesServiceRoleB4E65CC2",
            "Arn",
          ],
        },
        "Runtime": "nodejs20.x",
        "Tags": [
          {
            "Key": "App",
            "Value": "ship-log-entries",
          },
          {
            "Key": "gu:cdk:version",
            "Value": "TEST",
          },
          {
            "Key": "gu:repo",
            "Value": "guardian/cloudwatch-logs-management",
          },
          {
            "Key": "Stack",
            "Value": "deploy",
          },
          {
            "Key": "Stage",
            "Value": "PROD",
          },
        ],
        "Timeout": 5,
      },
      "Type": "AWS::Lambda::Function",
    },
    "ShipLogEntriesPolicyCE9979ED": {
      "Properties": {
        "Description": "",
        "Path": "/",
        "PolicyDocument": {
          "Statement": [
            {
              "Action": "kinesis:PutRecords",
              "Effect": "Allow",
              "Resource": {
                "Ref": "KinesisStreamArn",
              },
            },
            {
              "Action": "s3:GetObject",
              "Effect": "Allow",
              "Resource": {
                "Fn::Join": [
                  "",
                  [
                    {
                      "Fn::GetAtt": [
                        "StructuredFieldsBucket",
                        "Arn",
                      ],
                    },
                    "/*",
                  ],
                ],
              },
            },
          ],
          "Version": "2012-10-17",
        },
      },
      "Type": "AWS::IAM::ManagedPolicy",
    },
    "StructuredFieldsBucket": {
      "DeletionPolicy": "Retain",
      "Properties": {
        "PublicAccessBlockConfiguration": {
          "BlockPublicAcls": true,
          "BlockPublicPolicy": true,
          "IgnorePublicAcls": true,
          "RestrictPublicBuckets": true,
        },
        "Tags": [
          {
            "Key": "App",
            "Value": "cloudwatch-logs-management",
          },
          {
            "Key": "gu:cdk:version",
            "Value": "TEST",
          },
          {
            "Key": "gu:repo",
            "Value": "guardian/cloudwatch-logs-management",
          },
          {
            "Key": "Stack",
            "Value": "deploy",
          },
          {
            "Key": "Stage",
            "Value": "PROD",
          },
        ],
      },
      "Type": "AWS::S3::Bucket",
      "UpdateReplacePolicy": "Retain",
    },
    "setlogshippingServiceRoleDefaultPolicy21BAA7D8": {
      "Properties": {
        "PolicyDocument": {
          "Statement": [
            {
              "Action": [
                "s3:GetObject*",
                "s3:GetBucket*",
                "s3:List*",
              ],
              "Effect": "Allow",
              "Resource": [
                {
                  "Fn::Join": [
                    "",
                    [
                      "arn:",
                      {
                        "Ref": "AWS::Partition",
                      },
                      ":s3:::",
                      {
                        "Ref": "DistributionBucketName",
                      },
                    ],
                  ],
                },
                {
                  "Fn::Join": [
                    "",
                    [
                      "arn:",
                      {
                        "Ref": "AWS::Partition",
                      },
                      ":s3:::",
                      {
                        "Ref": "DistributionBucketName",
                      },
                      "/deploy/PROD/set-log-shipping/set-log-shipping.zip",
                    ],
                  ],
                },
              ],
            },
            {
              "Action": "ssm:GetParametersByPath",
              "Effect": "Allow",
              "Resource": {
                "Fn::Join": [
                  "",
                  [
                    "arn:aws:ssm:eu-west-1:",
                    {
                      "Ref": "AWS::AccountId",
                    },
                    ":parameter/PROD/deploy/set-log-shipping",
                  ],
                ],
              },
            },
            {
              "Action": [
                "ssm:GetParameters",
                "ssm:GetParameter",
              ],
              "Effect": "Allow",
              "Resource": {
                "Fn::Join": [
                  "",
                  [
                    "arn:aws:ssm:eu-west-1:",
                    {
                      "Ref": "AWS::AccountId",
                    },
                    ":parameter/PROD/deploy/set-log-shipping/*",
                  ],
                ],
              },
            },
          ],
          "Version": "2012-10-17",
        },
        "PolicyName": "setlogshippingServiceRoleDefaultPolicy21BAA7D8",
        "Roles": [
          {
            "Ref": "setlogshippingServiceRoleFD6872A4",
          },
        ],
      },
      "Type": "AWS::IAM::Policy",
    },
    "setlogshippingServiceRoleFD6872A4": {
      "Properties": {
        "AssumeRolePolicyDocument": {
          "Statement": [
            {
              "Action": "sts:AssumeRole",
              "Effect": "Allow",
              "Principal": {
                "Service": "lambda.amazonaws.com",
              },
            },
          ],
          "Version": "2012-10-17",
        },
        "ManagedPolicyArns": [
          {
            "Fn::Join": [
              "",
              [
                "arn:",
                {
                  "Ref": "AWS::Partition",
                },
                ":iam::aws:policy/service-role/AWSLambdaBasicExecutionRole",
              ],
            ],
          },
          {
            "Ref": "SetLogShippingPolicy0F235CDA",
          },
        ],
        "Tags": [
          {
            "Key": "App",
            "Value": "set-log-shipping",
          },
          {
            "Key": "gu:cdk:version",
            "Value": "TEST",
          },
          {
            "Key": "gu:repo",
            "Value": "guardian/cloudwatch-logs-management",
          },
          {
            "Key": "Stack",
            "Value": "deploy",
          },
          {
            "Key": "Stage",
            "Value": "PROD",
          },
        ],
      },
      "Type": "AWS::IAM::Role",
    },
    "setlogshippingsetlogshippingrate10minutes07B669287": {
      "Properties": {
        "ScheduleExpression": "rate(10 minutes)",
        "State": "ENABLED",
        "Targets": [
          {
            "Arn": {
              "Fn::GetAtt": [
                "SetLogShippingFunc",
                "Arn",
              ],
            },
            "Id": "Target0",
          },
        ],
      },
      "Type": "AWS::Events::Rule",
    },
    "setlogshippingsetlogshippingrate10minutes0AllowEventRuleCloudwatchLogsManagementdeploysetlogshipping1BFA79438197006B": {
      "Properties": {
        "Action": "lambda:InvokeFunction",
        "FunctionName": {
          "Fn::GetAtt": [
            "SetLogShippingFunc",
            "Arn",
          ],
        },
        "Principal": "events.amazonaws.com",
        "SourceArn": {
          "Fn::GetAtt": [
            "setlogshippingsetlogshippingrate10minutes07B669287",
            "Arn",
          ],
        },
      },
      "Type": "AWS::Lambda::Permission",
    },
    "setretentionServiceRoleDefaultPolicyCEB3697A": {
      "Properties": {
        "PolicyDocument": {
          "Statement": [
            {
              "Action": [
                "s3:GetObject*",
                "s3:GetBucket*",
                "s3:List*",
              ],
              "Effect": "Allow",
              "Resource": [
                {
                  "Fn::Join": [
                    "",
                    [
                      "arn:",
                      {
                        "Ref": "AWS::Partition",
                      },
                      ":s3:::",
                      {
                        "Ref": "DistributionBucketName",
                      },
                    ],
                  ],
                },
                {
                  "Fn::Join": [
                    "",
                    [
                      "arn:",
                      {
                        "Ref": "AWS::Partition",
                      },
                      ":s3:::",
                      {
                        "Ref": "DistributionBucketName",
                      },
                      "/deploy/PROD/set-retention/set-retention.zip",
                    ],
                  ],
                },
              ],
            },
            {
              "Action": "ssm:GetParametersByPath",
              "Effect": "Allow",
              "Resource": {
                "Fn::Join": [
                  "",
                  [
                    "arn:aws:ssm:eu-west-1:",
                    {
                      "Ref": "AWS::AccountId",
                    },
                    ":parameter/PROD/deploy/set-retention",
                  ],
                ],
              },
            },
            {
              "Action": [
                "ssm:GetParameters",
                "ssm:GetParameter",
              ],
              "Effect": "Allow",
              "Resource": {
                "Fn::Join": [
                  "",
                  [
                    "arn:aws:ssm:eu-west-1:",
                    {
                      "Ref": "AWS::AccountId",
                    },
                    ":parameter/PROD/deploy/set-retention/*",
                  ],
                ],
              },
            },
          ],
          "Version": "2012-10-17",
        },
        "PolicyName": "setretentionServiceRoleDefaultPolicyCEB3697A",
        "Roles": [
          {
            "Ref": "setretentionServiceRoleF411F948",
          },
        ],
      },
      "Type": "AWS::IAM::Policy",
    },
    "setretentionServiceRoleF411F948": {
      "Properties": {
        "AssumeRolePolicyDocument": {
          "Statement": [
            {
              "Action": "sts:AssumeRole",
              "Effect": "Allow",
              "Principal": {
                "Service": "lambda.amazonaws.com",
              },
            },
          ],
          "Version": "2012-10-17",
        },
        "ManagedPolicyArns": [
          {
            "Fn::Join": [
              "",
              [
                "arn:",
                {
                  "Ref": "AWS::Partition",
                },
                ":iam::aws:policy/service-role/AWSLambdaBasicExecutionRole",
              ],
            ],
          },
          {
            "Ref": "SetRetentionPolicy7B345D11",
          },
        ],
        "Tags": [
          {
            "Key": "App",
            "Value": "set-retention",
          },
          {
            "Key": "gu:cdk:version",
            "Value": "TEST",
          },
          {
            "Key": "gu:repo",
            "Value": "guardian/cloudwatch-logs-management",
          },
          {
            "Key": "Stack",
            "Value": "deploy",
          },
          {
            "Key": "Stage",
            "Value": "PROD",
          },
        ],
      },
      "Type": "AWS::IAM::Role",
    },
    "setretentionsetretentionrate1hour0AllowEventRuleCloudwatchLogsManagementdeploysetretentionD9A0E7537297E68D": {
      "Properties": {
        "Action": "lambda:InvokeFunction",
        "FunctionName": {
          "Fn::GetAtt": [
            "SetRetentionFunc",
            "Arn",
          ],
        },
        "Principal": "events.amazonaws.com",
        "SourceArn": {
          "Fn::GetAtt": [
            "setretentionsetretentionrate1hour0DA4C9A13",
            "Arn",
          ],
        },
      },
      "Type": "AWS::Lambda::Permission",
    },
    "setretentionsetretentionrate1hour0DA4C9A13": {
      "Properties": {
        "ScheduleExpression": "rate(1 hour)",
        "State": "ENABLED",
        "Targets": [
          {
            "Arn": {
              "Fn::GetAtt": [
                "SetRetentionFunc",
                "Arn",
              ],
            },
            "Id": "Target0",
          },
        ],
      },
      "Type": "AWS::Events::Rule",
    },
    "shiplogentriesServiceRoleB4E65CC2": {
      "Properties": {
        "AssumeRolePolicyDocument": {
          "Statement": [
            {
              "Action": "sts:AssumeRole",
              "Effect": "Allow",
              "Principal": {
                "Service": "lambda.amazonaws.com",
              },
            },
          ],
          "Version": "2012-10-17",
        },
        "ManagedPolicyArns": [
          {
            "Fn::Join": [
              "",
              [
                "arn:",
                {
                  "Ref": "AWS::Partition",
                },
                ":iam::aws:policy/service-role/AWSLambdaBasicExecutionRole",
              ],
            ],
          },
          {
            "Ref": "ShipLogEntriesPolicyCE9979ED",
          },
          {
            "Ref": "DisableCloudWatchLoggingPolicy566D41D3",
          },
        ],
        "Tags": [
          {
            "Key": "App",
            "Value": "ship-log-entries",
          },
          {
            "Key": "gu:cdk:version",
            "Value": "TEST",
          },
          {
            "Key": "gu:repo",
            "Value": "guardian/cloudwatch-logs-management",
          },
          {
            "Key": "Stack",
            "Value": "deploy",
          },
          {
            "Key": "Stage",
            "Value": "PROD",
          },
        ],
      },
      "Type": "AWS::IAM::Role",
    },
    "shiplogentriesServiceRoleDefaultPolicy372B39B1": {
      "Properties": {
        "PolicyDocument": {
          "Statement": [
            {
              "Action": [
                "s3:GetObject*",
                "s3:GetBucket*",
                "s3:List*",
              ],
              "Effect": "Allow",
              "Resource": [
                {
                  "Fn::Join": [
                    "",
                    [
                      "arn:",
                      {
                        "Ref": "AWS::Partition",
                      },
                      ":s3:::",
                      {
                        "Ref": "DistributionBucketName",
                      },
                    ],
                  ],
                },
                {
                  "Fn::Join": [
                    "",
                    [
                      "arn:",
                      {
                        "Ref": "AWS::Partition",
                      },
                      ":s3:::",
                      {
                        "Ref": "DistributionBucketName",
                      },
                      "/deploy/PROD/ship-log-entries/ship-log-entries.zip",
                    ],
                  ],
                },
              ],
            },
            {
              "Action": "ssm:GetParametersByPath",
              "Effect": "Allow",
              "Resource": {
                "Fn::Join": [
                  "",
                  [
                    "arn:aws:ssm:eu-west-1:",
                    {
                      "Ref": "AWS::AccountId",
                    },
                    ":parameter/PROD/deploy/ship-log-entries",
                  ],
                ],
              },
            },
            {
              "Action": [
                "ssm:GetParameters",
                "ssm:GetParameter",
              ],
              "Effect": "Allow",
              "Resource": {
                "Fn::Join": [
                  "",
                  [
                    "arn:aws:ssm:eu-west-1:",
                    {
                      "Ref": "AWS::AccountId",
                    },
                    ":parameter/PROD/deploy/ship-log-entries/*",
                  ],
                ],
              },
            },
          ],
          "Version": "2012-10-17",
        },
        "PolicyName": "shiplogentriesServiceRoleDefaultPolicy372B39B1",
        "Roles": [
          {
            "Ref": "shiplogentriesServiceRoleB4E65CC2",
          },
        ],
      },
      "Type": "AWS::IAM::Policy",
    },
    "shiplogentriesShipLogEntriesPermission390E0555": {
      "Properties": {
        "Action": "lambda:InvokeFunction",
        "FunctionName": {
          "Fn::GetAtt": [
            "ShipLogEntriesFunc",
            "Arn",
          ],
        },
        "Principal": "logs.eu-west-1.amazonaws.com",
        "SourceAccount": {
          "Ref": "AWS::AccountId",
        },
      },
      "Type": "AWS::Lambda::Permission",
    },
  },
}
`;
